
> clipjs@0.1.0 build:win
> next build && node scripts/post-build.js && electron-builder --win

  Γû▓ Next.js 14.2.30

   Creating an optimized production build ...
node.exe : Browserslist: browsers data (caniuse-lite) is 6 months old. Please run:
At C:\Program Files\nodejs\npm.ps1:29 char:3
+   & $NODE_EXE $NPM_CLI_JS $args
+   ~~~~~~~~~~~~~~~~~~~~~~~~~~~~~
    + CategoryInfo          : NotSpecified: (Browserslist: b...ld. Please run::String) [] 
   , RemoteException
    + FullyQualifiedErrorId : NativeCommandError
 
  npx update-browserslist-db@latest
  Why you should do it regularly: https://github.com/browserslist/update-db#readme
 Γ£ô Compiled successfully
   Linting and checking validity of types ...

./app/(pages)/projects/[id]/page.tsx
106:8  Warning: React Hook useEffect has a missing dependency: 'currentProjectId'. Either include it or remove the dependency array.  react-hooks/exhaustive-deps

./app/components/editor/player/canvas-(not-used)/CanvasPreview.tsx
93:8  Warning: React Hook useEffect has missing dependencies: 'dispatch', 'drawFrame', 'initCanvas', and 'isPlaying'. Either include them or remove the dependency array.  react-hooks/exhaustive-deps
137:8  Warning: React Hook useEffect has missing dependencies: 'drawFrame' and 'isPlaying'. Either include them or remove the dependency array.  react-hooks/exhaustive-deps
635:21  Warning: Using `<img>` could result in slower LCP and higher bandwidth. Consider using `<Image />` from `next/image` to automatically optimize images. This may incur additional usage or cost from your provider. See: https://nextjs.org/docs/messages/no-img-element  @next/next/no-img-element
642:21  Warning: Using `<img>` could result in slower LCP and higher bandwidth. Consider using `<Image />` from `next/image` to automatically optimize images. This may incur additional usage or cost from your provider. See: https://nextjs.org/docs/messages/no-img-element  @next/next/no-img-element

./app/components/editor/player/remotion/Player.tsx
23:8  Warning: React Hook useEffect has a missing dependency: 'isPlaying'. Either include it or remove the dependency array. Outer scope values like 'fps' aren't valid dependencies because mutating them doesn't re-render the component.  react-hooks/exhaustive-deps
36:24  Warning: The ref value 'playerRef.current' will likely have changed by the time this effect cleanup function runs. If this ref points to a node rendered by React, copy 'playerRef.current' to a variable inside the effect, and use that variable in the cleanup function.  react-hooks/exhaustive-deps
40:8  Warning: React Hook useEffect has a missing dependency: 'dispatch'. Either include it or remove the dependency array.  react-hooks/exhaustive-deps

./app/components/editor/timeline/elements-timeline/AudioTimline.tsx
89:8  Warning: React Hook useEffect has a missing dependency: 'mediaFiles'. Either include it or remove the dependency array.  react-hooks/exhaustive-deps

./app/components/editor/timeline/elements-timeline/ImageTimeline.tsx
88:8  Warning: React Hook useEffect has a missing dependency: 'mediaFiles'. Either include it or remove the dependency array.  react-hooks/exhaustive-deps

./app/components/editor/timeline/elements-timeline/TextTimeline.tsx
86:8  Warning: React Hook useEffect has a missing dependency: 'textElements'. Either include it or remove the dependency array.  react-hooks/exhaustive-deps

./app/components/editor/timeline/elements-timeline/VideoTimeline.tsx
87:8  Warning: React Hook useEffect has a missing dependency: 'mediaFiles'. Either include it or remove the dependency array.  react-hooks/exhaustive-deps

./app/components/editor/timeline/Header.tsx
23:8  Warning: React Hook useEffect has a missing dependency: 'enableMarkerTracking'. Either include it or remove the dependency array.  react-hooks/exhaustive-deps

info  - Need to disable some ESLint rules? Learn more here: https://nextjs.org/docs/basic-features/eslint#disabling-rules
   Collecting page data ...
   Generating static pages (0/14) ...
   Generating static pages (3/14) 
   Generating static pages (6/14) 
   Generating static pages (10/14) 
 Γ£ô Generating static pages (14/14)
   Finalizing page optimization ...
   Collecting build traces ...

Route (app)                              Size     First Load JS
Γöî Γùï /                                    3.41 kB         105 kB
Γö£ Γùï /_not-found                          138 B          87.4 kB
Γö£ Γùï /about                               2.25 kB        89.5 kB
Γö£ ╞Æ /api/ai/analyze-style                0 B                0 B
Γö£ ╞Æ /api/ai/captions                     0 B                0 B
Γö£ ╞Æ /api/ai/chat                         0 B                0 B
Γö£ ╞Æ /api/ai/images                       0 B                0 B
Γö£ ╞Æ /api/ai/transcribe                   0 B                0 B
Γö£ ╞Æ /api/settings                        0 B                0 B
Γö£ Γùï /projects                            3.71 kB         119 kB
Γö£ ╞Æ /projects/[id]                       150 kB          256 kB
Γöö Γùï /settings                            3.75 kB          91 kB
+ First Load JS shared by all            87.2 kB
  Γö£ chunks/117-72df1eebac8087dd.js       31.6 kB
  Γö£ chunks/fd9d1056-2bb669e80faa6ce0.js  53.6 kB
  Γöö other shared chunks (total)          2.01 kB


Γùï  (Static)   prerendered as static content
╞Æ  (Dynamic)  server-rendered on demand


≡ƒôª POST-BUILD: Copying required files for Next.js standalone...

Copying .next/static...
  From: C:\Users\Rishi\Downloads\Editor AI\clip-js\.next\static
  To: C:\Users\Rishi\Downloads\Editor AI\clip-js\.next\standalone\.next\static
  Γ£ô Copied successfully

Copying public...
  From: C:\Users\Rishi\Downloads\Editor AI\clip-js\public
  To: C:\Users\Rishi\Downloads\Editor AI\clip-js\.next\standalone\public
  Γ£ô Copied successfully

Γ£à POST-BUILD COMPLETE!

  ΓÇó electron-builder  version=26.0.12 os=10.0.26100
  ΓÇó loaded configuration  file=package.json ("build" field)
  ΓÇó description is missed in the package.json  appPackageFile=C:\Users\Rishi\Downloads\Editor AI\clip-js\package.json
  ΓÇó author is missed in the package.json  appPackageFile=C:\Users\Rishi\Downloads\Editor AI\clip-js\package.json
  ΓÇó executing @electron/rebuild  electronVersion=38.4.0 arch=x64 buildFromSource=false appDir=./
  ΓÇó installing native dependencies  arch=x64
  ΓÇó completed installing native dependencies
  ΓÇó packaging       platform=win32 arch=x64 electron=38.4.0 appOutDir=dist\win-unpacked
  ΓÇó asar usage is disabled ΓÇö this is strongly not recommended  solution=enable asar and use asarUnpack to unpack files that must be externally available
  ΓÇó asar usage is disabled ΓÇö this is strongly not recommended  solution=enable asar and use asarUnpack to unpack files that must be externally available
  ΓÇó default Electron icon is used  reason=application icon is not set
  ΓÇó signing with signtool.exe  path=dist\win-unpacked\Editor AI.exe
  ΓÇó building        target=nsis file=dist\Editor-AI-Setup.exe archs=x64 oneClick=false perMachine=false
  ΓÇó signing with signtool.exe  path=dist\win-unpacked\resources\elevate.exe
  ΓÇó signing with signtool.exe  path=dist\__uninstaller-nsis-clipjs.exe
  ΓÇó signing with signtool.exe  path=dist\Editor-AI-Setup.exe
  ΓÇó building block map  blockMapFile=dist\Editor-AI-Setup.exe.blockmap
